[2020-08-01T04:54:11.414+0000][0.011s] Heap region size: 1M
[2020-08-01T04:54:11.434+0000][0.031s] Using G1
[2020-08-01T04:54:11.435+0000][0.032s] Heap address: 0x00000000e0000000, size: 512 MB, Compressed Oops mode: 32-bit
[2020-08-01T04:54:12.467+0000][1.064s] GC(0) Pause Young (Normal) (G1 Evacuation Pause)
[2020-08-01T04:54:12.468+0000][1.065s] GC(0) Using 2 workers of 2 for evacuation
[2020-08-01T04:54:12.475+0000][1.073s] GC(0)   Pre Evacuate Collection Set: 0.0ms
[2020-08-01T04:54:12.476+0000][1.073s] GC(0)   Evacuate Collection Set: 6.1ms
[2020-08-01T04:54:12.476+0000][1.074s] GC(0)   Post Evacuate Collection Set: 0.6ms
[2020-08-01T04:54:12.477+0000][1.074s] GC(0)   Other: 1.6ms
[2020-08-01T04:54:12.477+0000][1.075s] GC(0) Eden regions: 25->0(21)
[2020-08-01T04:54:12.478+0000][1.075s] GC(0) Survivor regions: 0->4(4)
[2020-08-01T04:54:12.478+0000][1.076s] GC(0) Old regions: 0->0
[2020-08-01T04:54:12.479+0000][1.076s] GC(0) Humongous regions: 0->0
[2020-08-01T04:54:12.479+0000][1.077s] GC(0) Metaspace: 12016K->12016K(1060864K)
[2020-08-01T04:54:12.480+0000][1.077s] GC(0) Pause Young (Normal) (G1 Evacuation Pause) 25M->3M(512M) 12.612ms
[2020-08-01T04:54:12.480+0000][1.078s] GC(0) User=0.01s Sys=0.00s Real=0.01s
[2020-08-01T04:54:13.352+0000][1.950s] GC(1) Pause Young (Normal) (G1 Evacuation Pause)
[2020-08-01T04:54:13.353+0000][1.950s] GC(1) Using 2 workers of 2 for evacuation
[2020-08-01T04:54:13.374+0000][1.971s] GC(1)   Pre Evacuate Collection Set: 0.0ms
[2020-08-01T04:54:13.375+0000][1.972s] GC(1)   Evacuate Collection Set: 19.6ms
[2020-08-01T04:54:13.375+0000][1.972s] GC(1)   Post Evacuate Collection Set: 0.7ms
[2020-08-01T04:54:13.376+0000][1.973s] GC(1)   Other: 1.4ms
[2020-08-01T04:54:13.376+0000][1.973s] GC(1) Eden regions: 21->0(21)
[2020-08-01T04:54:13.377+0000][1.974s] GC(1) Survivor regions: 4->4(4)
[2020-08-01T04:54:13.377+0000][1.974s] GC(1) Old regions: 0->8
[2020-08-01T04:54:13.378+0000][1.975s] GC(1) Humongous regions: 4->4
[2020-08-01T04:54:13.378+0000][1.975s] GC(1) Metaspace: 18312K->18312K(1067008K)
[2020-08-01T04:54:13.379+0000][1.976s] GC(1) Pause Young (Normal) (G1 Evacuation Pause) 28M->15M(512M) 26.315ms
[2020-08-01T04:54:13.379+0000][1.976s] GC(1) User=0.04s Sys=0.01s Real=0.03s
[2020-08-01T04:54:13.604+0000][2.201s] GC(2) Pause Young (Concurrent Start) (Metadata GC Threshold)
[2020-08-01T04:54:13.604+0000][2.202s] GC(2) Using 2 workers of 2 for evacuation
[2020-08-01T04:54:13.617+0000][2.214s] GC(2)   Pre Evacuate Collection Set: 0.0ms
[2020-08-01T04:54:13.618+0000][2.215s] GC(2)   Evacuate Collection Set: 11.4ms
[2020-08-01T04:54:13.618+0000][2.215s] GC(2)   Post Evacuate Collection Set: 0.5ms
[2020-08-01T04:54:13.618+0000][2.216s] GC(2)   Other: 1.4ms
[2020-08-01T04:54:13.619+0000][2.216s] GC(2) Eden regions: 9->0(24)
[2020-08-01T04:54:13.619+0000][2.217s] GC(2) Survivor regions: 4->1(4)
[2020-08-01T04:54:13.620+0000][2.217s] GC(2) Old regions: 8->12
[2020-08-01T04:54:13.620+0000][2.218s] GC(2) Humongous regions: 4->4
[2020-08-01T04:54:13.621+0000][2.218s] GC(2) Metaspace: 20715K->20715K(1069056K)
[2020-08-01T04:54:13.621+0000][2.218s] GC(2) Pause Young (Concurrent Start) (Metadata GC Threshold) 23M->16M(512M) 17.360ms
[2020-08-01T04:54:13.621+0000][2.219s] GC(2) User=0.02s Sys=0.00s Real=0.01s
[2020-08-01T04:54:13.622+0000][2.219s] GC(3) Concurrent Cycle
[2020-08-01T04:54:13.623+0000][2.220s] GC(3) Concurrent Clear Claimed Marks
[2020-08-01T04:54:13.623+0000][2.221s] GC(3) Concurrent Clear Claimed Marks 0.627ms
[2020-08-01T04:54:13.624+0000][2.221s] GC(3) Concurrent Scan Root Regions
[2020-08-01T04:54:13.626+0000][2.223s] GC(3) Concurrent Scan Root Regions 1.723ms
[2020-08-01T04:54:13.626+0000][2.224s] GC(3) Concurrent Mark (2.224s)
[2020-08-01T04:54:13.627+0000][2.224s] GC(3) Concurrent Mark From Roots
[2020-08-01T04:54:13.627+0000][2.225s] GC(3) Using 1 workers of 1 for marking
[2020-08-01T04:54:13.686+0000][2.284s] GC(3) Concurrent Mark From Roots 59.501ms
[2020-08-01T04:54:13.687+0000][2.285s] GC(3) Concurrent Preclean
[2020-08-01T04:54:13.688+0000][2.285s] GC(3) Concurrent Preclean 0.645ms
[2020-08-01T04:54:13.688+0000][2.286s] GC(3) Concurrent Mark (2.224s, 2.286s) 61.996ms
[2020-08-01T04:54:13.689+0000][2.286s] GC(3) Pause Remark
[2020-08-01T04:54:13.693+0000][2.290s] GC(3) Cleaned string and symbol table, strings: 10939 processed, 2 removed, symbols: 65481 processed, 17 removed
[2020-08-01T04:54:13.694+0000][2.292s] GC(3) Pause Remark 18M->18M(512M) 5.267ms
[2020-08-01T04:54:13.695+0000][2.292s] GC(3) User=0.00s Sys=0.00s Real=0.01s
[2020-08-01T04:54:13.696+0000][2.293s] GC(3) Concurrent Rebuild Remembered Sets
[2020-08-01T04:54:13.718+0000][2.316s] GC(3) Concurrent Rebuild Remembered Sets 22.659ms
[2020-08-01T04:54:13.719+0000][2.317s] GC(3) Pause Cleanup
[2020-08-01T04:54:13.720+0000][2.317s] GC(3) Pause Cleanup 19M->19M(512M) 0.760ms
[2020-08-01T04:54:13.720+0000][2.318s] GC(3) User=0.00s Sys=0.00s Real=0.00s
[2020-08-01T04:54:13.721+0000][2.318s] GC(3) Concurrent Cleanup for Next Mark
[2020-08-01T04:54:13.723+0000][2.320s] GC(3) Concurrent Cleanup for Next Mark 1.796ms
[2020-08-01T04:54:13.723+0000][2.321s] GC(3) Concurrent Cycle 101.547ms
[2020-08-01T04:54:14.127+0000][2.724s] GC(4) Pause Young (Concurrent Start) (G1 Evacuation Pause)
[2020-08-01T04:54:14.128+0000][2.725s] GC(4) Using 2 workers of 2 for evacuation
[2020-08-01T04:54:14.135+0000][2.733s] GC(4)   Pre Evacuate Collection Set: 0.0ms
[2020-08-01T04:54:14.136+0000][2.733s] GC(4)   Evacuate Collection Set: 6.5ms
[2020-08-01T04:54:14.136+0000][2.734s] GC(4)   Post Evacuate Collection Set: 0.4ms
[2020-08-01T04:54:14.137+0000][2.734s] GC(4)   Other: 1.3ms
[2020-08-01T04:54:14.137+0000][2.735s] GC(4) Eden regions: 24->0(28)
[2020-08-01T04:54:14.138+0000][2.735s] GC(4) Survivor regions: 1->4(4)
[2020-08-01T04:54:14.138+0000][2.736s] GC(4) Old regions: 12->16
[2020-08-01T04:54:14.139+0000][2.736s] GC(4) Humongous regions: 4->4
[2020-08-01T04:54:14.139+0000][2.736s] GC(4) Metaspace: 22403K->22403K(1069056K)
[2020-08-01T04:54:14.139+0000][2.737s] GC(4) Pause Young (Concurrent Start) (G1 Evacuation Pause) 40M->23M(512M) 12.519ms
[2020-08-01T04:54:14.140+0000][2.737s] GC(4) User=0.01s Sys=0.00s Real=0.01s
[2020-08-01T04:54:14.140+0000][2.738s] GC(5) Concurrent Cycle
[2020-08-01T04:54:14.141+0000][2.738s] GC(5) Concurrent Clear Claimed Marks
[2020-08-01T04:54:14.141+0000][2.739s] GC(5) Concurrent Clear Claimed Marks 0.541ms
[2020-08-01T04:54:14.142+0000][2.739s] GC(5) Concurrent Scan Root Regions
[2020-08-01T04:54:14.144+0000][2.741s] GC(5) Concurrent Scan Root Regions 2.050ms
[2020-08-01T04:54:14.145+0000][2.742s] GC(5) Concurrent Mark (2.742s)
[2020-08-01T04:54:14.145+0000][2.742s] GC(5) Concurrent Mark From Roots
[2020-08-01T04:54:14.146+0000][2.743s] GC(5) Using 1 workers of 1 for marking
[2020-08-01T04:54:14.192+0000][2.789s] GC(5) Concurrent Mark From Roots 46.571ms
[2020-08-01T04:54:14.192+0000][2.790s] GC(5) Concurrent Preclean
[2020-08-01T04:54:14.193+0000][2.790s] GC(5) Concurrent Preclean 0.592ms
[2020-08-01T04:54:14.193+0000][2.791s] GC(5) Concurrent Mark (2.742s, 2.791s) 48.902ms
[2020-08-01T04:54:14.195+0000][2.792s] GC(5) Pause Remark
[2020-08-01T04:54:14.200+0000][2.797s] GC(5) Cleaned string and symbol table, strings: 11763 processed, 16 removed, symbols: 69776 processed, 9 removed
[2020-08-01T04:54:14.201+0000][2.798s] GC(5) Pause Remark 24M->24M(512M) 5.982ms
[2020-08-01T04:54:14.202+0000][2.799s] GC(5) User=0.01s Sys=0.00s Real=0.00s
[2020-08-01T04:54:14.202+0000][2.799s] GC(5) Concurrent Rebuild Remembered Sets
[2020-08-01T04:54:14.257+0000][2.854s] GC(5) Concurrent Rebuild Remembered Sets 55.028ms
[2020-08-01T04:54:14.258+0000][2.856s] GC(5) Pause Cleanup
[2020-08-01T04:54:14.259+0000][2.856s] GC(5) Pause Cleanup 26M->26M(512M) 0.673ms
[2020-08-01T04:54:14.259+0000][2.857s] GC(5) User=0.00s Sys=0.00s Real=0.00s
[2020-08-01T04:54:14.260+0000][2.857s] GC(5) Concurrent Cleanup for Next Mark
[2020-08-01T04:54:14.262+0000][2.859s] GC(5) Concurrent Cleanup for Next Mark 1.659ms
[2020-08-01T04:54:14.263+0000][2.860s] GC(5) Concurrent Cycle 122.739ms
[2020-08-01T04:54:14.621+0000][3.219s] GC(6) Pause Young (Normal) (G1 Evacuation Pause)
[2020-08-01T04:54:14.622+0000][3.219s] GC(6) Using 2 workers of 2 for evacuation
[2020-08-01T04:54:14.628+0000][3.226s] GC(6)   Pre Evacuate Collection Set: 0.0ms
[2020-08-01T04:54:14.629+0000][3.226s] GC(6)   Evacuate Collection Set: 5.4ms
[2020-08-01T04:54:14.630+0000][3.227s] GC(6)   Post Evacuate Collection Set: 0.4ms
[2020-08-01T04:54:14.630+0000][3.227s] GC(6)   Other: 1.2ms
[2020-08-01T04:54:14.630+0000][3.228s] GC(6) Eden regions: 28->0(39)
[2020-08-01T04:54:14.631+0000][3.228s] GC(6) Survivor regions: 4->1(4)
[2020-08-01T04:54:14.631+0000][3.229s] GC(6) Old regions: 16->20
[2020-08-01T04:54:14.632+0000][3.229s] GC(6) Humongous regions: 4->4
[2020-08-01T04:54:14.632+0000][3.229s] GC(6) Metaspace: 25926K->25926K(1073152K)
[2020-08-01T04:54:14.632+0000][3.230s] GC(6) Pause Young (Normal) (G1 Evacuation Pause) 51M->24M(512M) 10.907ms
[2020-08-01T04:54:14.633+0000][3.230s] GC(6) User=0.01s Sys=0.00s Real=0.02s
[2020-08-01T04:54:15.420+0000][4.018s] GC(7) Pause Young (Normal) (G1 Evacuation Pause)
[2020-08-01T04:54:15.472+0000][4.069s] GC(7) Using 2 workers of 2 for evacuation
[2020-08-01T04:54:15.479+0000][4.077s] GC(7)   Pre Evacuate Collection Set: 0.1ms
[2020-08-01T04:54:15.480+0000][4.078s] GC(7)   Evacuate Collection Set: 5.5ms
[2020-08-01T04:54:15.481+0000][4.078s] GC(7)   Post Evacuate Collection Set: 0.5ms
[2020-08-01T04:54:15.482+0000][4.079s] GC(7)   Other: 52.9ms
[2020-08-01T04:54:15.482+0000][4.079s] GC(7) Eden regions: 39->0(56)
[2020-08-01T04:54:15.483+0000][4.080s] GC(7) Survivor regions: 1->1(5)
[2020-08-01T04:54:15.483+0000][4.080s] GC(7) Old regions: 20->20
[2020-08-01T04:54:15.483+0000][4.081s] GC(7) Humongous regions: 4->4
[2020-08-01T04:54:15.484+0000][4.081s] GC(7) Metaspace: 30328K->30328K(1077248K)
[2020-08-01T04:54:15.485+0000][4.082s] GC(7) Pause Young (Normal) (G1 Evacuation Pause) 63M->24M(512M) 64.159ms
[2020-08-01T04:54:15.485+0000][4.082s] GC(7) User=0.05s Sys=0.00s Real=0.07s
[2020-08-01T04:54:16.716+0000][5.314s] GC(8) Pause Young (Normal) (G1 Evacuation Pause)
[2020-08-01T04:54:16.717+0000][5.314s] GC(8) Using 2 workers of 2 for evacuation
[2020-08-01T04:54:16.731+0000][5.328s] GC(8)   Pre Evacuate Collection Set: 0.0ms
[2020-08-01T04:54:16.732+0000][5.329s] GC(8)   Evacuate Collection Set: 12.8ms
[2020-08-01T04:54:16.732+0000][5.330s] GC(8)   Post Evacuate Collection Set: 0.7ms
[2020-08-01T04:54:16.733+0000][5.330s] GC(8)   Other: 1.3ms
[2020-08-01T04:54:16.733+0000][5.331s] GC(8) Eden regions: 56->0(73)
[2020-08-01T04:54:16.734+0000][5.331s] GC(8) Survivor regions: 1->5(8)
[2020-08-01T04:54:16.734+0000][5.332s] GC(8) Old regions: 20->20
[2020-08-01T04:54:16.735+0000][5.332s] GC(8) Humongous regions: 4->4
[2020-08-01T04:54:16.735+0000][5.332s] GC(8) Metaspace: 36872K->36872K(1083392K)
[2020-08-01T04:54:16.736+0000][5.333s] GC(8) Pause Young (Normal) (G1 Evacuation Pause) 80M->28M(512M) 19.347ms
[2020-08-01T04:54:16.736+0000][5.333s] GC(8) User=0.02s Sys=0.01s Real=0.02s
[2020-08-01T04:54:16.930+0000][5.528s] GC(9) Pause Young (Concurrent Start) (Metadata GC Threshold)
[2020-08-01T04:54:16.931+0000][5.528s] GC(9) Using 2 workers of 2 for evacuation
[2020-08-01T04:54:16.950+0000][5.547s] GC(9)   Pre Evacuate Collection Set: 0.1ms
[2020-08-01T04:54:16.950+0000][5.548s] GC(9)   Evacuate Collection Set: 17.3ms
[2020-08-01T04:54:16.951+0000][5.548s] GC(9)   Post Evacuate Collection Set: 0.5ms
[2020-08-01T04:54:16.951+0000][5.549s] GC(9)   Other: 1.3ms
[2020-08-01T04:54:16.952+0000][5.549s] GC(9) Eden regions: 21->0(69)
[2020-08-01T04:54:16.952+0000][5.550s] GC(9) Survivor regions: 5->5(10)
[2020-08-01T04:54:16.953+0000][5.550s] GC(9) Old regions: 20->20
[2020-08-01T04:54:16.953+0000][5.551s] GC(9) Humongous regions: 4->4
[2020-08-01T04:54:16.954+0000][5.551s] GC(9) Metaspace: 37858K->37858K(1083392K)
[2020-08-01T04:54:16.954+0000][5.552s] GC(9) Pause Young (Concurrent Start) (Metadata GC Threshold) 49M->28M(512M) 24.122ms
[2020-08-01T04:54:16.955+0000][5.552s] GC(9) User=0.04s Sys=0.00s Real=0.03s
[2020-08-01T04:54:16.956+0000][5.553s] GC(10) Concurrent Cycle
[2020-08-01T04:54:16.957+0000][5.554s] GC(10) Concurrent Clear Claimed Marks
[2020-08-01T04:54:16.957+0000][5.555s] GC(10) Concurrent Clear Claimed Marks 0.719ms
[2020-08-01T04:54:16.958+0000][5.555s] GC(10) Concurrent Scan Root Regions
[2020-08-01T04:54:16.966+0000][5.563s] GC(10) Concurrent Scan Root Regions 8.247ms
[2020-08-01T04:54:16.967+0000][5.564s] GC(10) Concurrent Mark (5.564s)
[2020-08-01T04:54:16.967+0000][5.565s] GC(10) Concurrent Mark From Roots
[2020-08-01T04:54:16.968+0000][5.565s] GC(10) Using 1 workers of 1 for marking
[2020-08-01T04:54:17.038+0000][5.635s] GC(10) Concurrent Mark From Roots 70.847ms
[2020-08-01T04:54:17.039+0000][5.636s] GC(10) Concurrent Preclean
[2020-08-01T04:54:17.040+0000][5.637s] GC(10) Concurrent Preclean 1.026ms
[2020-08-01T04:54:17.040+0000][5.638s] GC(10) Concurrent Mark (5.564s, 5.638s) 73.572ms
[2020-08-01T04:54:17.041+0000][5.638s] GC(10) Pause Remark
[2020-08-01T04:54:17.052+0000][5.649s] GC(10) Cleaned string and symbol table, strings: 18169 processed, 5 removed, symbols: 115860 processed, 76 removed
[2020-08-01T04:54:17.053+0000][5.651s] GC(10) Pause Remark 37M->37M(512M) 12.216ms
[2020-08-01T04:54:17.054+0000][5.651s] GC(10) User=0.02s Sys=0.00s Real=0.02s
[2020-08-01T04:54:17.055+0000][5.652s] GC(10) Concurrent Rebuild Remembered Sets
[2020-08-01T04:54:17.093+0000][5.691s] GC(10) Concurrent Rebuild Remembered Sets 38.697ms
[2020-08-01T04:54:17.094+0000][5.692s] GC(10) Pause Cleanup
[2020-08-01T04:54:17.095+0000][5.692s] GC(10) Pause Cleanup 42M->42M(512M) 0.916ms
[2020-08-01T04:54:17.096+0000][5.693s] GC(10) User=0.01s Sys=0.00s Real=0.00s
[2020-08-01T04:54:17.096+0000][5.694s] GC(10) Concurrent Cleanup for Next Mark
[2020-08-01T04:54:17.098+0000][5.695s] GC(10) Concurrent Cleanup for Next Mark 1.762ms
[2020-08-01T04:54:17.099+0000][5.696s] GC(10) Concurrent Cycle 143.054ms
[2020-08-01T04:54:17.604+0000][6.202s] GC(11) Pause Young (Normal) (G1 Evacuation Pause)
[2020-08-01T04:54:17.605+0000][6.202s] GC(11) Using 2 workers of 2 for evacuation
[2020-08-01T04:54:17.621+0000][6.219s] GC(11)   Pre Evacuate Collection Set: 0.0ms
[2020-08-01T04:54:17.622+0000][6.219s] GC(11)   Evacuate Collection Set: 15.2ms
[2020-08-01T04:54:17.623+0000][6.220s] GC(11)   Post Evacuate Collection Set: 0.6ms
[2020-08-01T04:54:17.623+0000][6.220s] GC(11)   Other: 1.3ms
[2020-08-01T04:54:17.624+0000][6.221s] GC(11) Eden regions: 71->0(98)
[2020-08-01T04:54:17.624+0000][6.221s] GC(11) Survivor regions: 5->7(10)
[2020-08-01T04:54:17.625+0000][6.222s] GC(11) Old regions: 20->20
[2020-08-01T04:54:17.625+0000][6.222s] GC(11) Humongous regions: 4->4
[2020-08-01T04:54:17.626+0000][6.223s] GC(11) Metaspace: 39926K->39926K(1085440K)
[2020-08-01T04:54:17.627+0000][6.224s] GC(11) Pause Young (Normal) (G1 Evacuation Pause) 99M->30M(512M) 22.378ms
[2020-08-01T04:54:17.627+0000][6.224s] GC(11) User=0.03s Sys=0.01s Real=0.02s
[2020-08-01T04:54:18.039+0000][6.636s] GC(12) Pause Young (Normal) (G1 Evacuation Pause)
[2020-08-01T04:54:18.040+0000][6.637s] GC(12) Using 2 workers of 2 for evacuation
[2020-08-01T04:54:18.056+0000][6.653s] GC(12)   Pre Evacuate Collection Set: 0.0ms
[2020-08-01T04:54:18.057+0000][6.654s] GC(12)   Evacuate Collection Set: 15.0ms
[2020-08-01T04:54:18.057+0000][6.654s] GC(12)   Post Evacuate Collection Set: 0.6ms
[2020-08-01T04:54:18.058+0000][6.655s] GC(12)   Other: 1.7ms
[2020-08-01T04:54:18.058+0000][6.656s] GC(12) Eden regions: 98->0(132)
[2020-08-01T04:54:18.059+0000][6.656s] GC(12) Survivor regions: 7->8(14)
[2020-08-01T04:54:18.059+0000][6.657s] GC(12) Old regions: 20->20
[2020-08-01T04:54:18.060+0000][6.657s] GC(12) Humongous regions: 5->4
[2020-08-01T04:54:18.060+0000][6.658s] GC(12) Metaspace: 40861K->40861K(1085440K)
[2020-08-01T04:54:18.061+0000][6.658s] GC(12) Pause Young (Normal) (G1 Evacuation Pause) 129M->31M(512M) 22.250ms
[2020-08-01T04:54:18.062+0000][6.659s] GC(12) User=0.03s Sys=0.01s Real=0.02s
[2020-08-01T04:54:20.407+0000][9.005s] GC(13) Pause Young (Normal) (G1 Evacuation Pause)
[2020-08-01T04:54:20.408+0000][9.005s] GC(13) Using 2 workers of 2 for evacuation
[2020-08-01T04:54:20.436+0000][9.034s] GC(13)   Pre Evacuate Collection Set: 0.0ms
[2020-08-01T04:54:20.437+0000][9.034s] GC(13)   Evacuate Collection Set: 26.5ms
[2020-08-01T04:54:20.437+0000][9.035s] GC(13)   Post Evacuate Collection Set: 1.0ms
[2020-08-01T04:54:20.438+0000][9.035s] GC(13)   Other: 1.5ms
[2020-08-01T04:54:20.439+0000][9.036s] GC(13) Eden regions: 132->0(281)
[2020-08-01T04:54:20.439+0000][9.036s] GC(13) Survivor regions: 8->11(18)
[2020-08-01T04:54:20.440+0000][9.037s] GC(13) Old regions: 20->20
[2020-08-01T04:54:20.440+0000][9.038s] GC(13) Humongous regions: 4->4
[2020-08-01T04:54:20.441+0000][9.038s] GC(13) Metaspace: 47903K->47903K(1093632K)
[2020-08-01T04:54:20.441+0000][9.039s] GC(13) Pause Young (Normal) (G1 Evacuation Pause) 163M->34M(512M) 34.002ms
[2020-08-01T04:54:20.442+0000][9.039s] GC(13) User=0.06s Sys=0.00s Real=0.03s
[2020-08-01T05:22:22.640+0000][1692.563s] GC(14) Pause Young (Normal) (G1 Evacuation Pause)
[2020-08-01T05:22:22.641+0000][1692.564s] GC(14) Using 2 workers of 2 for evacuation
[2020-08-01T05:22:22.678+0000][1692.601s] GC(14)   Pre Evacuate Collection Set: 0.1ms
[2020-08-01T05:22:22.679+0000][1692.602s] GC(14)   Evacuate Collection Set: 35.2ms
[2020-08-01T05:22:22.680+0000][1692.602s] GC(14)   Post Evacuate Collection Set: 1.4ms
[2020-08-01T05:22:22.680+0000][1692.603s] GC(14)   Other: 1.4ms
[2020-08-01T05:22:22.681+0000][1692.604s] GC(14) Eden regions: 281->0(291)
[2020-08-01T05:22:22.681+0000][1692.604s] GC(14) Survivor regions: 11->16(37)
[2020-08-01T05:22:22.682+0000][1692.604s] GC(14) Old regions: 20->20
[2020-08-01T05:22:22.682+0000][1692.605s] GC(14) Humongous regions: 4->4
[2020-08-01T05:22:22.683+0000][1692.605s] GC(14) Metaspace: 53470K->53470K(1097728K)
[2020-08-01T05:22:22.683+0000][1692.606s] GC(14) Pause Young (Normal) (G1 Evacuation Pause) 315M->39M(512M) 42.864ms
[2020-08-01T05:22:22.684+0000][1692.606s] GC(14) User=0.06s Sys=0.01s Real=0.04s
[2020-08-01T06:05:16.452+0000][4268.413s] GC(15) Pause Young (Normal) (G1 Evacuation Pause)
[2020-08-01T06:05:16.453+0000][4268.414s] GC(15) Using 2 workers of 2 for evacuation
[2020-08-01T06:05:16.498+0000][4268.459s] GC(15)   Pre Evacuate Collection Set: 0.1ms
[2020-08-01T06:05:16.498+0000][4268.459s] GC(15)   Evacuate Collection Set: 40.1ms
[2020-08-01T06:05:16.499+0000][4268.460s] GC(15)   Post Evacuate Collection Set: 4.2ms
[2020-08-01T06:05:16.499+0000][4268.460s] GC(15)   Other: 1.5ms
[2020-08-01T06:05:16.500+0000][4268.461s] GC(15) Eden regions: 291->0(289)
[2020-08-01T06:05:16.500+0000][4268.461s] GC(15) Survivor regions: 16->18(39)
[2020-08-01T06:05:16.500+0000][4268.461s] GC(15) Old regions: 20->20
[2020-08-01T06:05:16.501+0000][4268.462s] GC(15) Humongous regions: 4->4
[2020-08-01T06:05:16.502+0000][4268.463s] GC(15) Metaspace: 53885K->53885K(1097728K)
[2020-08-01T06:05:16.503+0000][4268.464s] GC(15) Pause Young (Normal) (G1 Evacuation Pause) 330M->41M(512M) 50.843ms
[2020-08-01T06:05:16.503+0000][4268.464s] GC(15) User=0.08s Sys=0.01s Real=0.05s
